
PROGRAM "AUX_Display_Panel.abs"

*********************************************************************************************
TARGET SECTION
---------------------------------------------------------------------------------------------
Processor   : Freescale HC08
Memory Model: SMALL
File Format : ELF\DWARF 2.0
Linker      : SmartLinker V-5.0.51 Build 14019, Jan 20 2014

*********************************************************************************************
FILE SECTION
---------------------------------------------------------------------------------------------
Events_c.obj                            Model: SMALL,         Lang: ANSI-C
main_c.obj                              Model: SMALL,         Lang: ANSI-C
TSS_Sensor_c.obj                        Model: SMALL,         Lang: ANSI-C
TSS_SensorTSIL_c.obj                    Model: SMALL,         Lang: ANSI-C
TSS_SystemSetupData_c.obj               Model: SMALL,         Lang: ANSI-C
start08_c.obj                           Model: SMALL,         Lang: ANSI-C
Cpu_c.obj                               Model: SMALL,         Lang: ANSI-C
IO_Map_c.obj                            Model: SMALL,         Lang: ANSI-C
LED0_c.obj                              Model: SMALL,         Lang: ANSI-C
LED1_c.obj                              Model: SMALL,         Lang: ANSI-C
PE_Timer_c.obj                          Model: SMALL,         Lang: ANSI-C
RTC_c.obj                               Model: SMALL,         Lang: ANSI-C
TSS1_c.obj                              Model: SMALL,         Lang: ANSI-C
Vectors_c.obj                           Model: SMALL,         Lang: ANSI-C
rtshc08.o (ansiis.lib)                  Model: SMALL,         Lang: ANSI-C
TSS_Main_c.obj (TSS_S08.lib)            Model: SMALL,         Lang: ANSI-C
TSS_KeyDetector_c.obj (TSS_S08.lib)     Model: SMALL,         Lang: ANSI-C
TSS_KeyDetectorNormal_c.obj (TSS_S08.lib)Model: SMALL,         Lang: ANSI-C
TSS_Filters_c.obj (TSS_S08.lib)         Model: SMALL,         Lang: ANSI-C
TSS_KeypadDecoder_c.obj (TSS_S08.lib)   Model: SMALL,         Lang: ANSI-C

*********************************************************************************************
STARTUP SECTION
---------------------------------------------------------------------------------------------
Entry point: 0x3204 (_EntryPoint)
_startupData is allocated at 0x32DB and uses 6 Bytes
extern struct _tagStartup {
  unsigned nofZeroOut     1
  _Range   pZeroOut       0x60     304
  _Copy    *toCopyDownBeg 0x67B1
} _startupData;

*********************************************************************************************
SECTION-ALLOCATION SECTION
Section Name                    Size  Type     From       To       Segment
---------------------------------------------------------------------------------------------
.data                             11   R/W       0x60       0x6A   RAM
.text                          13340     R     0x32E9     0x6704   ROM
.rodata                          172     R     0x6705     0x67B0   ROM
.abs_section_ff7d                  1     R     0xFF7D     0xFF7D   .absSeg0
.abs_section_0                     1   N/I        0x0        0x0   .absSeg1
.abs_section_1                     1   N/I        0x1        0x1   .absSeg2
.abs_section_2                     1   N/I        0x2        0x2   .absSeg3
.abs_section_3                     1   N/I        0x3        0x3   .absSeg4
.abs_section_4                     1   N/I        0x4        0x4   .absSeg5
.abs_section_5                     1   N/I        0x5        0x5   .absSeg6
.abs_section_6                     1   N/I        0x6        0x6   .absSeg7
.abs_section_7                     1   N/I        0x7        0x7   .absSeg8
.abs_section_8                     1   N/I        0x8        0x8   .absSeg9
.abs_section_9                     1   N/I        0x9        0x9   .absSeg10
.abs_section_a                     1   N/I        0xA        0xA   .absSeg11
.abs_section_b                     1   N/I        0xB        0xB   .absSeg12
.abs_section_c                     1   N/I        0xC        0xC   .absSeg13
.abs_section_d                     1   N/I        0xD        0xD   .absSeg14
.abs_section_10                    1   N/I       0x10       0x10   .absSeg15
.abs_section_11                    1   N/I       0x11       0x11   .absSeg16
.abs_section_12                    1   N/I       0x12       0x12   .absSeg17
.abs_section_13                    1   N/I       0x13       0x13   .absSeg18
.abs_section_18                    1   N/I       0x18       0x18   .absSeg19
.abs_section_19                    1   N/I       0x19       0x19   .absSeg20
.abs_section_1a                    1   N/I       0x1A       0x1A   .absSeg21
.abs_section_1b                    1   N/I       0x1B       0x1B   .absSeg22
.abs_section_1c                    1   N/I       0x1C       0x1C   .absSeg23
.abs_section_1d                    1   N/I       0x1D       0x1D   .absSeg24
.abs_section_1e                    1   N/I       0x1E       0x1E   .absSeg25
.abs_section_1f                    1   N/I       0x1F       0x1F   .absSeg26
.abs_section_20                    1   N/I       0x20       0x20   .absSeg27
.abs_section_25                    1   N/I       0x25       0x25   .absSeg28
.abs_section_28                    1   N/I       0x28       0x28   .absSeg29
.abs_section_2c                    1   N/I       0x2C       0x2C   .absSeg30
.abs_section_2d                    1   N/I       0x2D       0x2D   .absSeg31
.abs_section_2e                    1   N/I       0x2E       0x2E   .absSeg32
.abs_section_2f                    1   N/I       0x2F       0x2F   .absSeg33
.abs_section_30                    1   N/I       0x30       0x30   .absSeg34
.abs_section_35                    1   N/I       0x35       0x35   .absSeg35
.abs_section_38                    1   N/I       0x38       0x38   .absSeg36
.abs_section_3b                    1   N/I       0x3B       0x3B   .absSeg37
.abs_section_3c                    1   N/I       0x3C       0x3C   .absSeg38
.abs_section_3d                    1   N/I       0x3D       0x3D   .absSeg39
.abs_section_3e                    1   N/I       0x3E       0x3E   .absSeg40
.abs_section_3f                    1   N/I       0x3F       0x3F   .absSeg41
.abs_section_3000                  1   N/I     0x3000     0x3000   .absSeg42
.abs_section_3001                  1   N/I     0x3001     0x3001   .absSeg43
.abs_section_3004                  1   N/I     0x3004     0x3004   .absSeg44
.abs_section_3005                  1   N/I     0x3005     0x3005   .absSeg45
.abs_section_3006                  1   N/I     0x3006     0x3006   .absSeg46
.abs_section_3007                  1   N/I     0x3007     0x3007   .absSeg47
.abs_section_300c                  1   N/I     0x300C     0x300C   .absSeg48
.abs_section_300d                  1   N/I     0x300D     0x300D   .absSeg49
.abs_section_300e                  1   N/I     0x300E     0x300E   .absSeg50
.abs_section_300f                  1   N/I     0x300F     0x300F   .absSeg51
.abs_section_3010                  1   N/I     0x3010     0x3010   .absSeg52
.abs_section_3011                  1   N/I     0x3011     0x3011   .absSeg53
.abs_section_3012                  1   N/I     0x3012     0x3012   .absSeg54
.abs_section_3013                  1   N/I     0x3013     0x3013   .absSeg55
.abs_section_3014                  1   N/I     0x3014     0x3014   .absSeg56
.abs_section_3015                  1   N/I     0x3015     0x3015   .absSeg57
.abs_section_3016                  1   N/I     0x3016     0x3016   .absSeg58
.abs_section_3017                  1   N/I     0x3017     0x3017   .absSeg59
.abs_section_3018                  1   N/I     0x3018     0x3018   .absSeg60
.abs_section_3019                  1   N/I     0x3019     0x3019   .absSeg61
.abs_section_301a                  1   N/I     0x301A     0x301A   .absSeg62
.abs_section_301b                  1   N/I     0x301B     0x301B   .absSeg63
.abs_section_301c                  1   N/I     0x301C     0x301C   .absSeg64
.abs_section_301d                  1   N/I     0x301D     0x301D   .absSeg65
.abs_section_301e                  1   N/I     0x301E     0x301E   .absSeg66
.abs_section_301f                  1   N/I     0x301F     0x301F   .absSeg67
.abs_section_3020                  1   N/I     0x3020     0x3020   .absSeg68
.abs_section_3021                  1   N/I     0x3021     0x3021   .absSeg69
.abs_section_3022                  1   N/I     0x3022     0x3022   .absSeg70
.abs_section_3024                  1   N/I     0x3024     0x3024   .absSeg71
.abs_section_3025                  1   N/I     0x3025     0x3025   .absSeg72
.abs_section_3026                  1   N/I     0x3026     0x3026   .absSeg73
.abs_section_3027                  1   N/I     0x3027     0x3027   .absSeg74
.abs_section_3028                  1   N/I     0x3028     0x3028   .absSeg75
.abs_section_3029                  1   N/I     0x3029     0x3029   .absSeg76
.abs_section_302c                  1   N/I     0x302C     0x302C   .absSeg77
.abs_section_3030                  1   N/I     0x3030     0x3030   .absSeg78
.abs_section_3031                  1   N/I     0x3031     0x3031   .absSeg79
.abs_section_3038                  1   N/I     0x3038     0x3038   .absSeg80
.abs_section_3039                  1   N/I     0x3039     0x3039   .absSeg81
.abs_section_303a                  1   N/I     0x303A     0x303A   .absSeg82
.abs_section_303b                  1   N/I     0x303B     0x303B   .absSeg83
.abs_section_303c                  1   N/I     0x303C     0x303C   .absSeg84
.abs_section_303e                  1   N/I     0x303E     0x303E   .absSeg85
.abs_section_3040                  1   N/I     0x3040     0x3040   .absSeg86
.abs_section_3041                  1   N/I     0x3041     0x3041   .absSeg87
.abs_section_304a                  1   N/I     0x304A     0x304A   .absSeg88
.abs_section_304b                  1   N/I     0x304B     0x304B   .absSeg89
.abs_section_3050                  1   N/I     0x3050     0x3050   .absSeg90
.abs_section_3051                  1   N/I     0x3051     0x3051   .absSeg91
.abs_section_3052                  1   N/I     0x3052     0x3052   .absSeg92
.abs_section_3053                  1   N/I     0x3053     0x3053   .absSeg93
.abs_section_3054                  1   N/I     0x3054     0x3054   .absSeg94
.abs_section_3055                  1   N/I     0x3055     0x3055   .absSeg95
.abs_section_3056                  1   N/I     0x3056     0x3056   .absSeg96
.abs_section_3057                  1   N/I     0x3057     0x3057   .absSeg97
.abs_section_3058                  1   N/I     0x3058     0x3058   .absSeg98
.abs_section_3059                  1   N/I     0x3059     0x3059   .absSeg99
.abs_section_3068                  1   N/I     0x3068     0x3068   .absSeg100
.abs_section_306a                  1   N/I     0x306A     0x306A   .absSeg101
.abs_section_306b                  1   N/I     0x306B     0x306B   .absSeg102
.abs_section_3070                  1   N/I     0x3070     0x3070   .absSeg103
.abs_section_3071                  1   N/I     0x3071     0x3071   .absSeg104
.abs_section_3072                  1   N/I     0x3072     0x3072   .absSeg105
.abs_section_3073                  1   N/I     0x3073     0x3073   .absSeg106
.abs_section_3074                  1   N/I     0x3074     0x3074   .absSeg107
.abs_section_3075                  1   N/I     0x3075     0x3075   .absSeg108
.abs_section_3076                  1   N/I     0x3076     0x3076   .absSeg109
.abs_section_3077                  1   N/I     0x3077     0x3077   .absSeg110
.abs_section_3078                  1   N/I     0x3078     0x3078   .absSeg111
.abs_section_3079                  1   N/I     0x3079     0x3079   .absSeg112
.abs_section_307c                  1   N/I     0x307C     0x307C   .absSeg113
.abs_section_307d                  1   N/I     0x307D     0x307D   .absSeg114
.abs_section_307e                  1   N/I     0x307E     0x307E   .absSeg115
.abs_section_307f                  1   N/I     0x307F     0x307F   .absSeg116
.abs_section_3082                  1   N/I     0x3082     0x3082   .absSeg117
.abs_section_3083                  1   N/I     0x3083     0x3083   .absSeg118
.abs_section_3084                  1   N/I     0x3084     0x3084   .absSeg119
.abs_section_3085                  1   N/I     0x3085     0x3085   .absSeg120
.abs_section_3086                  1   N/I     0x3086     0x3086   .absSeg121
.abs_section_3087                  1   N/I     0x3087     0x3087   .absSeg122
.abs_section_308a                  1   N/I     0x308A     0x308A   .absSeg123
.abs_section_308b                  1   N/I     0x308B     0x308B   .absSeg124
.abs_section_308c                  1   N/I     0x308C     0x308C   .absSeg125
.abs_section_308d                  1   N/I     0x308D     0x308D   .absSeg126
.abs_section_308e                  1   N/I     0x308E     0x308E   .absSeg127
.abs_section_308f                  1   N/I     0x308F     0x308F   .absSeg128
.abs_section_3092                  1   N/I     0x3092     0x3092   .absSeg129
.abs_section_3093                  1   N/I     0x3093     0x3093   .absSeg130
.abs_section_3094                  1   N/I     0x3094     0x3094   .absSeg131
.abs_section_3095                  1   N/I     0x3095     0x3095   .absSeg132
.abs_section_3096                  1   N/I     0x3096     0x3096   .absSeg133
.abs_section_3097                  1   N/I     0x3097     0x3097   .absSeg134
.abs_section_3098                  1   N/I     0x3098     0x3098   .absSeg135
.abs_section_3099                  1   N/I     0x3099     0x3099   .absSeg136
.abs_section_309a                  1   N/I     0x309A     0x309A   .absSeg137
.abs_section_309b                  1   N/I     0x309B     0x309B   .absSeg138
.abs_section_309d                  1   N/I     0x309D     0x309D   .absSeg139
.abs_section_309f                  1   N/I     0x309F     0x309F   .absSeg140
.abs_section_30a0                  1   N/I     0x30A0     0x30A0   .absSeg141
.abs_section_30a1                  1   N/I     0x30A1     0x30A1   .absSeg142
.abs_section_30a2                  1   N/I     0x30A2     0x30A2   .absSeg143
.abs_section_30a3                  1   N/I     0x30A3     0x30A3   .absSeg144
.abs_section_30a8                  1   N/I     0x30A8     0x30A8   .absSeg145
.abs_section_30a9                  1   N/I     0x30A9     0x30A9   .absSeg146
.abs_section_30ac                  1   N/I     0x30AC     0x30AC   .absSeg147
.abs_section_30ad                  1   N/I     0x30AD     0x30AD   .absSeg148
.abs_section_30af                  1   N/I     0x30AF     0x30AF   .absSeg149
.abs_section_30b0                  1   N/I     0x30B0     0x30B0   .absSeg150
.abs_section_30b1                  1   N/I     0x30B1     0x30B1   .absSeg151
.abs_section_30b2                  1   N/I     0x30B2     0x30B2   .absSeg152
.abs_section_30b3                  1   N/I     0x30B3     0x30B3   .absSeg153
.abs_section_30b4                  1   N/I     0x30B4     0x30B4   .absSeg154
.abs_section_30b5                  1   N/I     0x30B5     0x30B5   .absSeg155
.abs_section_30b6                  1   N/I     0x30B6     0x30B6   .absSeg156
.abs_section_30b7                  1   N/I     0x30B7     0x30B7   .absSeg157
.abs_section_30b8                  1   N/I     0x30B8     0x30B8   .absSeg158
.abs_section_30b9                  1   N/I     0x30B9     0x30B9   .absSeg159
.abs_section_30ba                  1   N/I     0x30BA     0x30BA   .absSeg160
.abs_section_30bb                  1   N/I     0x30BB     0x30BB   .absSeg161
.abs_section_30bc                  1   N/I     0x30BC     0x30BC   .absSeg162
.abs_section_30bd                  1   N/I     0x30BD     0x30BD   .absSeg163
.abs_section_30be                  1   N/I     0x30BE     0x30BE   .absSeg164
.abs_section_30bf                  1   N/I     0x30BF     0x30BF   .absSeg165
.abs_section_30c0                  1   N/I     0x30C0     0x30C0   .absSeg166
.abs_section_30c5                  1   N/I     0x30C5     0x30C5   .absSeg167
.abs_section_30c8                  1   N/I     0x30C8     0x30C8   .absSeg168
.abs_section_30cb                  1   N/I     0x30CB     0x30CB   .absSeg169
.abs_section_30ce                  1   N/I     0x30CE     0x30CE   .absSeg170
.abs_section_30d1                  1   N/I     0x30D1     0x30D1   .absSeg171
.abs_section_30d4                  1   N/I     0x30D4     0x30D4   .absSeg172
.abs_section_30d9                  1   N/I     0x30D9     0x30D9   .absSeg173
.abs_section_30da                  1   N/I     0x30DA     0x30DA   .absSeg174
.abs_section_30db                  1   N/I     0x30DB     0x30DB   .absSeg175
.abs_section_30dc                  1   N/I     0x30DC     0x30DC   .absSeg176
.abs_section_30dd                  1   N/I     0x30DD     0x30DD   .absSeg177
.abs_section_30de                  1   N/I     0x30DE     0x30DE   .absSeg178
.abs_section_30df                  1   N/I     0x30DF     0x30DF   .absSeg179
.abs_section_30e0                  1   N/I     0x30E0     0x30E0   .absSeg180
.abs_section_30e2                  1   N/I     0x30E2     0x30E2   .absSeg181
.abs_section_30e3                  1   N/I     0x30E3     0x30E3   .absSeg182
.abs_section_30e4                  1   N/I     0x30E4     0x30E4   .absSeg183
.abs_section_30e5                  1   N/I     0x30E5     0x30E5   .absSeg184
.abs_section_30e6                  1   N/I     0x30E6     0x30E6   .absSeg185
.abs_section_30e7                  1   N/I     0x30E7     0x30E7   .absSeg186
.abs_section_30e8                  1   N/I     0x30E8     0x30E8   .absSeg187
.abs_section_30e9                  1   N/I     0x30E9     0x30E9   .absSeg188
.abs_section_30ec                  1   N/I     0x30EC     0x30EC   .absSeg189
.abs_section_30ed                  1   N/I     0x30ED     0x30ED   .absSeg190
.abs_section_30ee                  1   N/I     0x30EE     0x30EE   .absSeg191
.abs_section_30ef                  1   N/I     0x30EF     0x30EF   .absSeg192
.abs_section_30f0                  1   N/I     0x30F0     0x30F0   .absSeg193
.abs_section_30f1                  1   N/I     0x30F1     0x30F1   .absSeg194
.abs_section_30f2                  1   N/I     0x30F2     0x30F2   .absSeg195
.abs_section_30f3                  1   N/I     0x30F3     0x30F3   .absSeg196
.abs_section_30f4                  1   N/I     0x30F4     0x30F4   .absSeg197
.abs_section_30f5                  1   N/I     0x30F5     0x30F5   .absSeg198
.abs_section_30f6                  1   N/I     0x30F6     0x30F6   .absSeg199
.abs_section_30f7                  1   N/I     0x30F7     0x30F7   .absSeg200
.abs_section_30f8                  1   N/I     0x30F8     0x30F8   .absSeg201
.abs_section_30f9                  1   N/I     0x30F9     0x30F9   .absSeg202
.abs_section_30fa                  1   N/I     0x30FA     0x30FA   .absSeg203
.abs_section_30fb                  1   N/I     0x30FB     0x30FB   .absSeg204
.abs_section_30fc                  1   N/I     0x30FC     0x30FC   .absSeg205
.abs_section_30fd                  1   N/I     0x30FD     0x30FD   .absSeg206
.abs_section_30fe                  1   N/I     0x30FE     0x30FE   .absSeg207
.abs_section_30ff                  1   N/I     0x30FF     0x30FF   .absSeg208
.abs_section_e                     2   N/I        0xE        0xF   .absSeg209
.abs_section_14                    2   N/I       0x14       0x15   .absSeg210
.abs_section_16                    2   N/I       0x16       0x17   .absSeg211
.abs_section_21                    2   N/I       0x21       0x22   .absSeg212
.abs_section_23                    2   N/I       0x23       0x24   .absSeg213
.abs_section_26                    2   N/I       0x26       0x27   .absSeg214
.abs_section_29                    2   N/I       0x29       0x2A   .absSeg215
.abs_section_31                    2   N/I       0x31       0x32   .absSeg216
.abs_section_33                    2   N/I       0x33       0x34   .absSeg217
.abs_section_36                    2   N/I       0x36       0x37   .absSeg218
.abs_section_39                    2   N/I       0x39       0x3A   .absSeg219
.abs_section_3002                  2   N/I     0x3002     0x3003   .absSeg220
.abs_section_302a                  2   N/I     0x302A     0x302B   .absSeg221
.abs_section_3032                  2   N/I     0x3032     0x3033   .absSeg222
.abs_section_3034                  2   N/I     0x3034     0x3035   .absSeg223
.abs_section_3036                  2   N/I     0x3036     0x3037   .absSeg224
.abs_section_3060                  2   N/I     0x3060     0x3061   .absSeg225
.abs_section_3062                  2   N/I     0x3062     0x3063   .absSeg226
.abs_section_3064                  2   N/I     0x3064     0x3065   .absSeg227
.abs_section_3066                  2   N/I     0x3066     0x3067   .absSeg228
.abs_section_306c                  2   N/I     0x306C     0x306D   .absSeg229
.abs_section_306e                  2   N/I     0x306E     0x306F   .absSeg230
.abs_section_307a                  2   N/I     0x307A     0x307B   .absSeg231
.abs_section_3080                  2   N/I     0x3080     0x3081   .absSeg232
.abs_section_3088                  2   N/I     0x3088     0x3089   .absSeg233
.abs_section_3090                  2   N/I     0x3090     0x3091   .absSeg234
.abs_section_30a4                  2   N/I     0x30A4     0x30A5   .absSeg235
.abs_section_30a6                  2   N/I     0x30A6     0x30A7   .absSeg236
.abs_section_30c1                  2   N/I     0x30C1     0x30C2   .absSeg237
.abs_section_30c3                  2   N/I     0x30C3     0x30C4   .absSeg238
.abs_section_30c6                  2   N/I     0x30C6     0x30C7   .absSeg239
.abs_section_30c9                  2   N/I     0x30C9     0x30CA   .absSeg240
.abs_section_30cc                  2   N/I     0x30CC     0x30CD   .absSeg241
.abs_section_30cf                  2   N/I     0x30CF     0x30D0   .absSeg242
.abs_section_30d2                  2   N/I     0x30D2     0x30D3   .absSeg243
.abs_section_30d5                  2   N/I     0x30D5     0x30D6   .absSeg244
.abs_section_30d7                  2   N/I     0x30D7     0x30D8   .absSeg245
.abs_section_ffb0                 80     R     0xFFB0     0xFFFF   .absSeg246
.bss                              27   R/W       0x6B       0x85   RAM
.startData                        14     R     0x32DB     0x32E8   ROM
.init                            219     R     0x3200     0x32DA   ROM
.common                          266   R/W       0x86      0x18F   RAM
.stack                           128   R/W      0x190      0x20F   RAM
.copy                             17     R     0x67B1     0x67C1   ROM

Summary of section sizes per section type:
READ_ONLY (R):        3613 (dec:    13843)
READ_WRITE (R/W):      1B0 (dec:      432)
NO_INIT (N/I):         11A (dec:      282)

*********************************************************************************************
VECTOR-ALLOCATION SECTION
    Address     InitValue   InitFunction
---------------------------------------------------------------------------------------------

*********************************************************************************************
OBJECT-ALLOCATION SECTION
     Name               Module                 Addr   hSize   dSize     Ref    Section   RLIB
---------------------------------------------------------------------------------------------
MODULE:                 -- Events_c.obj --
- PROCEDURES:
     TSS1_fOnFault                             32E9      15      21       1   .text       
     TSS1_fOnInit                              32FE       3       3       1   .text       
     TSS1_fCallBack0                           3301      16      22       1   .text       
- VARIABLES:
     Key123_flag_L                               86       1       1       2   .common     
MODULE:                 -- main_c.obj --
- PROCEDURES:
     main                                      3317      5B      91       1   .text       
- VARIABLES:
     ttyy                                        6B       2       2       4   .bss        
MODULE:                 -- TSS_Sensor_c.obj --
- PROCEDURES:
     TSS_SensorInitCallback                    3372      10      16       1   .text       
     TSS_SensorInit                            3382       D      13       7   .text       
- VARIABLES:
     tss_faSampleElectrode                     6705      10      16       8   .rodata     
     tss_acp8ElectrodeROMData                  6715      10      16       7   .rodata     
     tss_u8SampleIntFlag                         87       1       1       1   .common     
MODULE:                 -- TSS_SensorTSIL_c.obj --
- PROCEDURES:
     TSIL_InitModule                           338F       B      11       1   .text       
     TSIL_SetNSamples                          339A      16      22       2   .text       
     TSIL_InitPEN                              33B0     186     390      11   .text       
     TSIL_Recalibrate                          3536     287     647       6   .text       
     TSIL_InitTrigger                          37BD      34      52       1   .text       
     TSIL_MethodControl                        37F1      B4     180       3   .text       
     TSIL_ReadCounter                          38A5      CA     202       1   .text       
     TSIL_HandleMeasurement                    396F      95     149       1   .text       
     TSIL_SampleElectrode                      3A04     149     329      11   .text       
     TSS_TSIIsr                                3B4D      CD     205       2   .text       
- VARIABLES:
     TSS_TSIL_METHOD_ROMDATA_CONTEXT           6725       6       6      11   .rodata     
     TSS_E0_ROMDATA_CONTEXT                    672B       5       5       1   .rodata     
     TSS_E1_ROMDATA_CONTEXT                    6730       5       5       1   .rodata     
     TSS_E2_ROMDATA_CONTEXT                    6735       5       5       1   .rodata     
     TSS_E3_ROMDATA_CONTEXT                    673A       5       5       1   .rodata     
     TSS_E4_ROMDATA_CONTEXT                    673F       5       5       1   .rodata     
     TSS_E5_ROMDATA_CONTEXT                    6744       5       5       1   .rodata     
     TSS_E6_ROMDATA_CONTEXT                    6749       5       5       1   .rodata     
     TSS_E7_ROMDATA_CONTEXT                    674E       5       5       1   .rodata     
     TSS_TSIL_METHOD_RAMDATA_CONTEXT             6D       5       5      13   .bss        
     tsi_au16Resolution                          72       2       2       8   .bss        
     TSS_TSIL_CHANNEL_COUNTER_BUFFER             88      20      32       1   .common     
MODULE:                 -- TSS_SystemSetupData_c.obj --
- PROCEDURES:
     TSS_IIRFilterEquation                     3C1A      3A      58       1   .text       
- VARIABLES:
     TSS_C0_INPUTS_GROUP                       6753       8       8       1   .rodata     
     TSS_C0_STRUCTURE_ROM_CONTEXT              675B       6       6       1   .rodata     
     tss_faCallback                            6761       2       2       5   .rodata     
     tss_acpsDecRAMContext                     6763       2       2       1   .rodata     
     tss_acpsDecROMContext                     6765       2       2       3   .rodata     
     tss_acpsCSStructs                         6767       2       2       2   .rodata     
     tss_faDecoders                            6769       2       2       4   .rodata     
     tss_cau8ShieldPairs                       676B       1       1       3   .rodata     
     tss_fDecodersControl                      676C       2       2       2   .rodata     
     tss_cu8NumElecs                           676E       1       1      21   .rodata     
     tss_cu8NumCtrls                           676F       1       1       1   .rodata     
     tss_cu8ElecBitFldLn                       6770       1       1      10   .rodata     
     tss_fCalculateIIRFilter                   6771       2       2       1   .rodata     
     tss_fCalculateShielding                   6773       2       2       4   .rodata     
     tss_fInitPrevCapSample                    6775       2       2       2   .rodata     
     tss_fFillDeltaLogBuffer                   6777       2       2       1   .rodata     
     tss_fFillSignalLogBuffer                  6779       2       2       1   .rodata     
     tss_fDataCorruptionCheck                  677B       2       2       8   .rodata     
     tss_fFmstrCall                            677D       2       2       1   .rodata     
     tss_fTriggerConfig                        677F       2       2       1   .rodata     
     tss_fTriggerControl                       6781       2       2       4   .rodata     
     tss_fLowPowerConfig                       6783       2       2       2   .rodata     
     tss_fOnFault                              6785       2       2       2   .rodata     
     tss_fOnInit                               6787       2       2       1   .rodata     
     tss_fOnProximity                          6789       2       2       1   .rodata     
     tss_fProximityConfig                      678B       2       2       1   .rodata     
     tss_fStuckKeyControl                      678D       2       2       1   .rodata     
     tss_fResetStuckKeyCounter                 678F       2       2       2   .rodata     
     tss_fNegativeBaselineDrop                 6791       2       2       1   .rodata     
     tss_fKeyDetectorRecalibrationRequest       6793       2       2       4   .rodata     
     tss_fSignalDivider                        6795       2       2       1   .rodata     
     tss_fSignalMultiplier                     6797       2       2       1   .rodata     
     tss_fAutoCalibration                      6799       2       2       6   .rodata     
     tss_fSensitivityLowLimitControl           679B       2       2       2   .rodata     
     tss_fDeltaNoiseAnalysisIIRControl         679D       2       2       3   .rodata     
     tss_cu8BaselineInitLength                 679F       1       1       2   .rodata     
     tss_cu8AutoCalibInitLength                67A0       1       1       5   .rodata     
     tss_ci8DeltaNoiseAnalysisIIRWeights       67A1       2       2       4   .rodata     
     tss_csKeyBasicASCContext                  67A3       6       6      10   .rodata     
     tss_fKeyDetectorElectrodeEval             67A9       2       2       1   .rodata     
     tss_fKeyDetectorIntegrationResetEval       67AB       2       2       2   .rodata     
     tss_fKeyNoiseSchedulerInit                67AD       2       2       1   .rodata     
     tss_fKeyNoiseSchedulerRun                 67AF       2       2       1   .rodata     
     TSS1_cKey0                                  60       A      10       9   .data       
     TSS_C0_STRUCTURE_RAM_CONTEXT                74       6       6       1   .bss        
     TSS_C0_KEYPAD_EVENTS_BUFFER                 A8      10      16       1   .common     
     tss_CSSys                                   B8       B      11      92   .common     
     tss_au8Sensitivity                          C3       8       8      11   .common     
     tss_au8ElectrodeEnablers                    CB       1       1      11   .common     
     tss_au8ElectrodeStatus                      CC       1       1      11   .common     
     tss_au16ElecBaseline                        CD      10      16      19   .common     
     tss_au8ElectrodeMeasured                    DD       1       1       4   .common     
     tss_au8ElectrodeMarker                      DE       1       1       4   .common     
     tss_au8ElectrodeLowThresholdEnablers         DF       1       1       3   .common     
     tss_au8ElectrodeDCTrackerEnablers           E0       1       1       5   .common     
     tss_au8DebounceCount                        E1       8       8      15   .common     
     tss_au8TouchCount                           E9       8       8       7   .common     
     tss_au8ReleaseCount                         F1       8       8       6   .common     
     tss_au8ElecState                            F9       8       8      10   .common     
     tss_au8ControlScheduleCount                101       1       1       8   .common     
     tss_au16PrevCapSample                      102      10      16       3   .common     
     tss_ai8InstantDelta                        112       8       8       1   .common     
     tss_au16InstantSignal                      11A      10      16       2   .common     
     tss_u8ConfCheckSum                         12A       1       1       3   .common     
     tss_au8StuckCount                          12B       8       8       4   .common     
     tss_ai8MaxDeltaAmplitude                   133       8       8       6   .common     
     tss_ai8DeltaAmplitude                      13B       8       8      11   .common     
     tss_asAutoCalibrationData                  143      18      24      15   .common     
     tss_ai8NoiseAmplitude                      15B       8       8      16   .common     
     tss_ai8SensitivityLowLimit                 163       1       1       1   .common     
     tss_asDeltaNoiseAnalysisIIRData            164      28      40      14   .common     
MODULE:                 -- start08_c.obj --
- PROCEDURES:
     loadByte                                  3C54       E      14       5   .text       
     Init                                      3C62      6D     109       1   .text       
     _Startup                                  3CCF       9       9       1   .text       
- VARIABLES:
     _startupData                              32DB       6       6       4   .startData  
- LABELS:
     __SEG_END_SSTACK                           210       0       0       1               
MODULE:                 -- Cpu_c.obj --
- PROCEDURES:
     Cpu_Interrupt                             3200       4       4      37   .init       
     _EntryPoint                               3204      5E      94       1   .init       
     PE_low_level_init                         3262      79     121       1   .init       
- VARIABLES:
     NV_EEPROT_INIT                            FF7D       1       1       0   .abs_section_ff7d
     CCR_reg                                    18C       1       1       2   .common     
     CCR_lock                                   18D       1       1       5   .common     
MODULE:                 -- IO_Map_c.obj --
- PROCEDURES:
- VARIABLES:
     _PORT_PTAD                                   0       1       1       0   .abs_section_0
     _PORT_PTBD                                   1       1       1       3   .abs_section_1
     _PORT_PTCD                                   2       1       1       0   .abs_section_2
     _PORT_PTDD                                   3       1       1       5   .abs_section_3
     _PORT_PTED                                   4       1       1       0   .abs_section_4
     _PORT_PTFD                                   5       1       1       0   .abs_section_5
     _PORT_PTGD                                   6       1       1       0   .abs_section_6
     _PORT_PTHD                                   7       1       1       0   .abs_section_7
     _TSI_CS0                                     8       1       1       0   .abs_section_8
     _TSI_CS1                                     9       1       1       0   .abs_section_9
     _TSI_CS2                                     A       1       1       0   .abs_section_a
     _TSI_CS3                                     B       1       1       0   .abs_section_b
     _TSI_PEN0                                    C       1       1       0   .abs_section_c
     _TSI_PEN1                                    D       1       1       0   .abs_section_d
     _ADC_SC1                                    10       1       1       0   .abs_section_10
     _ADC_SC2                                    11       1       1       0   .abs_section_11
     _ADC_SC3                                    12       1       1       0   .abs_section_12
     _ADC_SC4                                    13       1       1       0   .abs_section_13
     _MTIM0_SC                                   18       1       1       0   .abs_section_18
     _MTIM0_CLK                                  19       1       1       0   .abs_section_19
     _MTIM0_CNT                                  1A       1       1       0   .abs_section_1a
     _MTIM0_MOD                                  1B       1       1       0   .abs_section_1b
     _MTIM1_SC                                   1C       1       1       0   .abs_section_1c
     _MTIM1_CLK                                  1D       1       1       0   .abs_section_1d
     _MTIM1_CNT                                  1E       1       1       0   .abs_section_1e
     _MTIM1_MOD                                  1F       1       1       0   .abs_section_1f
     _FTM0_SC                                    20       1       1       0   .abs_section_20
     _FTM0_C0SC                                  25       1       1       0   .abs_section_25
     _FTM0_C1SC                                  28       1       1       0   .abs_section_28
     _ACMP_CS                                    2C       1       1       0   .abs_section_2c
     _ACMP_C0                                    2D       1       1       0   .abs_section_2d
     _ACMP_C1                                    2E       1       1       0   .abs_section_2e
     _ACMP_C2                                    2F       1       1       0   .abs_section_2f
     _FTM1_SC                                    30       1       1       0   .abs_section_30
     _FTM1_C0SC                                  35       1       1       0   .abs_section_35
     _FTM1_C1SC                                  38       1       1       0   .abs_section_38
     _IRQ_SC                                     3B       1       1       0   .abs_section_3b
     _KBI0_SC                                    3C       1       1       0   .abs_section_3c
     _KBI1_SC                                    3D       1       1       0   .abs_section_3d
     _IPC_SC                                     3E       1       1       2   .abs_section_3e
     _IPC_IPMPS                                  3F       1       1       0   .abs_section_3f
     _SYS_SRS                                  3000       1       1       0   .abs_section_3000
     _SYS_SBDFR                                3001       1       1       0   .abs_section_3001
     _SYS_SOPT1                                3004       1       1       2   .abs_section_3004
     _SYS_SOPT2                                3005       1       1       0   .abs_section_3005
     _SYS_SOPT3                                3006       1       1       1   .abs_section_3006
     _SYS_SOPT4                                3007       1       1       0   .abs_section_3007
     _SCG_C1                                   300C       1       1       1   .abs_section_300c
     _SCG_C2                                   300D       1       1       1   .abs_section_300d
     _SCG_C3                                   300E       1       1       1   .abs_section_300e
     _SCG_C4                                   300F       1       1       1   .abs_section_300f
     _DBG_CAH                                  3010       1       1       0   .abs_section_3010
     _DBG_CAL                                  3011       1       1       0   .abs_section_3011
     _DBG_CBH                                  3012       1       1       0   .abs_section_3012
     _DBG_CBL                                  3013       1       1       0   .abs_section_3013
     _DBG_CCH                                  3014       1       1       0   .abs_section_3014
     _DBG_CCL                                  3015       1       1       0   .abs_section_3015
     _DBG_FH                                   3016       1       1       0   .abs_section_3016
     _DBG_FL                                   3017       1       1       0   .abs_section_3017
     _DBG_CAX                                  3018       1       1       0   .abs_section_3018
     _DBG_CBX                                  3019       1       1       0   .abs_section_3019
     _DBG_CCX                                  301A       1       1       0   .abs_section_301a
     _DBG_FX                                   301B       1       1       0   .abs_section_301b
     _DBG_C                                    301C       1       1       0   .abs_section_301c
     _DBG_T                                    301D       1       1       0   .abs_section_301d
     _DBG_S                                    301E       1       1       0   .abs_section_301e
     _DBG_CNT                                  301F       1       1       0   .abs_section_301f
     _NVM_FCLKDIV                              3020       1       1       0   .abs_section_3020
     _NVM_FSEC                                 3021       1       1       0   .abs_section_3021
     _NVM_FCCOBIX                              3022       1       1       0   .abs_section_3022
     _NVM_FCNFG                                3024       1       1       0   .abs_section_3024
     _NVM_FERCNFG                              3025       1       1       0   .abs_section_3025
     _NVM_FSTAT                                3026       1       1       0   .abs_section_3026
     _NVM_FERSTAT                              3027       1       1       0   .abs_section_3027
     _NVM_FPROT                                3028       1       1       0   .abs_section_3028
     _NVM_EEPROT                               3029       1       1       0   .abs_section_3029
     _NVM_FOPT                                 302C       1       1       0   .abs_section_302c
     _WDOG_CS1                                 3030       1       1       1   .abs_section_3030
     _WDOG_CS2                                 3031       1       1       1   .abs_section_3031
     _ICS_C1                                   3038       1       1       1   .abs_section_3038
     _ICS_C2                                   3039       1       1       1   .abs_section_3039
     _ICS_C3                                   303A       1       1       1   .abs_section_303a
     _ICS_C4                                   303B       1       1       3   .abs_section_303b
     _ICS_S                                    303C       1       1       0   .abs_section_303c
     _ICS_OSCSC                                303E       1       1       0   .abs_section_303e
     _PMC_SPMSC1                               3040       1       1       2   .abs_section_3040
     _PMC_SPMSC2                               3041       1       1       2   .abs_section_3041
     _SYS_ILLAH                                304A       1       1       0   .abs_section_304a
     _SYS_ILLAL                                304B       1       1       0   .abs_section_304b
     _IPC_ILRS0                                3050       1       1       1   .abs_section_3050
     _IPC_ILRS1                                3051       1       1       1   .abs_section_3051
     _IPC_ILRS2                                3052       1       1       1   .abs_section_3052
     _IPC_ILRS3                                3053       1       1       1   .abs_section_3053
     _IPC_ILRS4                                3054       1       1       1   .abs_section_3054
     _IPC_ILRS5                                3055       1       1       1   .abs_section_3055
     _IPC_ILRS6                                3056       1       1       1   .abs_section_3056
     _IPC_ILRS7                                3057       1       1       1   .abs_section_3057
     _IPC_ILRS8                                3058       1       1       1   .abs_section_3058
     _IPC_ILRS9                                3059       1       1       1   .abs_section_3059
     _CRC_CTRL                                 3068       1       1       0   .abs_section_3068
     _RTC_SC1                                  306A       1       1       2   .abs_section_306a
     _RTC_SC2                                  306B       1       1       3   .abs_section_306b
     _I2C_A1                                   3070       1       1       0   .abs_section_3070
     _I2C_F                                    3071       1       1       0   .abs_section_3071
     _I2C_C1                                   3072       1       1       0   .abs_section_3072
     _I2C_S                                    3073       1       1       0   .abs_section_3073
     _I2C_D                                    3074       1       1       0   .abs_section_3074
     _I2C_C2                                   3075       1       1       0   .abs_section_3075
     _I2C_FLT                                  3076       1       1       0   .abs_section_3076
     _I2C_RA                                   3077       1       1       0   .abs_section_3077
     _I2C_SMB                                  3078       1       1       0   .abs_section_3078
     _I2C_A2                                   3079       1       1       0   .abs_section_3079
     _KBI0_PE                                  307C       1       1       0   .abs_section_307c
     _KBI0_ES                                  307D       1       1       0   .abs_section_307d
     _KBI1_PE                                  307E       1       1       0   .abs_section_307e
     _KBI1_ES                                  307F       1       1       0   .abs_section_307f
     _SCI0_C1                                  3082       1       1       0   .abs_section_3082
     _SCI0_C2                                  3083       1       1       0   .abs_section_3083
     _SCI0_S1                                  3084       1       1       0   .abs_section_3084
     _SCI0_S2                                  3085       1       1       0   .abs_section_3085
     _SCI0_C3                                  3086       1       1       0   .abs_section_3086
     _SCI0_D                                   3087       1       1       0   .abs_section_3087
     _SCI1_C1                                  308A       1       1       0   .abs_section_308a
     _SCI1_C2                                  308B       1       1       0   .abs_section_308b
     _SCI1_S1                                  308C       1       1       0   .abs_section_308c
     _SCI1_S2                                  308D       1       1       0   .abs_section_308d
     _SCI1_C3                                  308E       1       1       0   .abs_section_308e
     _SCI1_D                                   308F       1       1       0   .abs_section_308f
     _SCI2_C1                                  3092       1       1       0   .abs_section_3092
     _SCI2_C2                                  3093       1       1       0   .abs_section_3093
     _SCI2_S1                                  3094       1       1       0   .abs_section_3094
     _SCI2_S2                                  3095       1       1       0   .abs_section_3095
     _SCI2_C3                                  3096       1       1       0   .abs_section_3096
     _SCI2_D                                   3097       1       1       0   .abs_section_3097
     _SPI0_C1                                  3098       1       1       0   .abs_section_3098
     _SPI0_C2                                  3099       1       1       0   .abs_section_3099
     _SPI0_BR                                  309A       1       1       0   .abs_section_309a
     _SPI0_S                                   309B       1       1       0   .abs_section_309b
     _SPI0_D                                   309D       1       1       0   .abs_section_309d
     _SPI0_M                                   309F       1       1       0   .abs_section_309f
     _SPI1_C1                                  30A0       1       1       0   .abs_section_30a0
     _SPI1_C2                                  30A1       1       1       0   .abs_section_30a1
     _SPI1_BR                                  30A2       1       1       0   .abs_section_30a2
     _SPI1_S                                   30A3       1       1       0   .abs_section_30a3
     _SPI1_C3                                  30A8       1       1       0   .abs_section_30a8
     _SPI1_CI                                  30A9       1       1       0   .abs_section_30a9
     _ADC_APCTL1                               30AC       1       1       0   .abs_section_30ac
     _ADC_APCTL2                               30AD       1       1       0   .abs_section_30ad
     _PORT_HDRVE                               30AF       1       1       0   .abs_section_30af
     _PORT_PTAOE                               30B0       1       1       0   .abs_section_30b0
     _PORT_PTBOE                               30B1       1       1       1   .abs_section_30b1
     _PORT_PTCOE                               30B2       1       1       0   .abs_section_30b2
     _PORT_PTDOE                               30B3       1       1       1   .abs_section_30b3
     _PORT_PTEOE                               30B4       1       1       0   .abs_section_30b4
     _PORT_PTFOE                               30B5       1       1       0   .abs_section_30b5
     _PORT_PTGOE                               30B6       1       1       0   .abs_section_30b6
     _PORT_PTHOE                               30B7       1       1       0   .abs_section_30b7
     _PORT_PTAIE                               30B8       1       1       0   .abs_section_30b8
     _PORT_PTBIE                               30B9       1       1       1   .abs_section_30b9
     _PORT_PTCIE                               30BA       1       1       0   .abs_section_30ba
     _PORT_PTDIE                               30BB       1       1       1   .abs_section_30bb
     _PORT_PTEIE                               30BC       1       1       0   .abs_section_30bc
     _PORT_PTFIE                               30BD       1       1       0   .abs_section_30bd
     _PORT_PTGIE                               30BE       1       1       0   .abs_section_30be
     _PORT_PTHIE                               30BF       1       1       0   .abs_section_30bf
     _FTM2_SC                                  30C0       1       1       0   .abs_section_30c0
     _FTM2_C0SC                                30C5       1       1       0   .abs_section_30c5
     _FTM2_C1SC                                30C8       1       1       0   .abs_section_30c8
     _FTM2_C2SC                                30CB       1       1       0   .abs_section_30cb
     _FTM2_C3SC                                30CE       1       1       0   .abs_section_30ce
     _FTM2_C4SC                                30D1       1       1       0   .abs_section_30d1
     _FTM2_C5SC                                30D4       1       1       0   .abs_section_30d4
     _FTM2_STATUS                              30D9       1       1       0   .abs_section_30d9
     _FTM2_MODE                                30DA       1       1       0   .abs_section_30da
     _FTM2_SYNC                                30DB       1       1       0   .abs_section_30db
     _FTM2_OUTINIT                             30DC       1       1       0   .abs_section_30dc
     _FTM2_OUTMASK                             30DD       1       1       0   .abs_section_30dd
     _FTM2_COMBINE0                            30DE       1       1       0   .abs_section_30de
     _FTM2_COMBINE1                            30DF       1       1       0   .abs_section_30df
     _FTM2_COMBINE2                            30E0       1       1       0   .abs_section_30e0
     _FTM2_DEADTIME                            30E2       1       1       0   .abs_section_30e2
     _FTM2_EXTTRIG                             30E3       1       1       0   .abs_section_30e3
     _FTM2_POL                                 30E4       1       1       0   .abs_section_30e4
     _FTM2_FMS                                 30E5       1       1       0   .abs_section_30e5
     _FTM2_FILTER0                             30E6       1       1       0   .abs_section_30e6
     _FTM2_FILTER1                             30E7       1       1       0   .abs_section_30e7
     _FTM2_FLTFILTER                           30E8       1       1       0   .abs_section_30e8
     _FTM2_FLTCTRL                             30E9       1       1       0   .abs_section_30e9
     _PORT_IOFLT0                              30EC       1       1       0   .abs_section_30ec
     _PORT_IOFLT1                              30ED       1       1       0   .abs_section_30ed
     _PORT_IOFLT2                              30EE       1       1       0   .abs_section_30ee
     _PORT_FCLKDIV                             30EF       1       1       0   .abs_section_30ef
     _PORT_PTAPE                               30F0       1       1       0   .abs_section_30f0
     _PORT_PTBPE                               30F1       1       1       1   .abs_section_30f1
     _PORT_PTCPE                               30F2       1       1       0   .abs_section_30f2
     _PORT_PTDPE                               30F3       1       1       1   .abs_section_30f3
     _PORT_PTEPE                               30F4       1       1       0   .abs_section_30f4
     _PORT_PTFPE                               30F5       1       1       0   .abs_section_30f5
     _PORT_PTGPE                               30F6       1       1       0   .abs_section_30f6
     _PORT_PTHPE                               30F7       1       1       0   .abs_section_30f7
     _SYS_UUID1                                30F8       1       1       0   .abs_section_30f8
     _SYS_UUID2                                30F9       1       1       0   .abs_section_30f9
     _SYS_UUID3                                30FA       1       1       0   .abs_section_30fa
     _SYS_UUID4                                30FB       1       1       0   .abs_section_30fb
     _SYS_UUID5                                30FC       1       1       0   .abs_section_30fc
     _SYS_UUID6                                30FD       1       1       0   .abs_section_30fd
     _SYS_UUID7                                30FE       1       1       0   .abs_section_30fe
     _SYS_UUID8                                30FF       1       1       0   .abs_section_30ff
     _TSI_CNT                                     E       2       2       0   .abs_section_e
     _ADC_R                                      14       2       2       0   .abs_section_14
     _ADC_CV                                     16       2       2       0   .abs_section_16
     _FTM0_CNT                                   21       2       2       0   .abs_section_21
     _FTM0_MOD                                   23       2       2       0   .abs_section_23
     _FTM0_C0V                                   26       2       2       0   .abs_section_26
     _FTM0_C1V                                   29       2       2       0   .abs_section_29
     _FTM1_CNT                                   31       2       2       0   .abs_section_31
     _FTM1_MOD                                   33       2       2       0   .abs_section_33
     _FTM1_C0V                                   36       2       2       0   .abs_section_36
     _FTM1_C1V                                   39       2       2       0   .abs_section_39
     _SYS_SDID                                 3002       2       2       0   .abs_section_3002
     _NVM_FCCOB                                302A       2       2       0   .abs_section_302a
     _WDOG_CNT                                 3032       2       2       2   .abs_section_3032
     _WDOG_TOVAL                               3034       2       2       1   .abs_section_3034
     _WDOG_WIN                                 3036       2       2       0   .abs_section_3036
     _CRC_D0D1                                 3060       2       2       0   .abs_section_3060
     _CRC_D2D3                                 3062       2       2       0   .abs_section_3062
     _CRC_P0P1                                 3064       2       2       0   .abs_section_3064
     _CRC_P2P3                                 3066       2       2       0   .abs_section_3066
     _RTC_MOD                                  306C       2       2       1   .abs_section_306c
     _RTC_CNT                                  306E       2       2       0   .abs_section_306e
     _I2C_SLT                                  307A       2       2       0   .abs_section_307a
     _SCI0_BD                                  3080       2       2       0   .abs_section_3080
     _SCI1_BD                                  3088       2       2       0   .abs_section_3088
     _SCI2_BD                                  3090       2       2       0   .abs_section_3090
     _SPI1_D16                                 30A4       2       2       0   .abs_section_30a4
     _SPI1_M                                   30A6       2       2       0   .abs_section_30a6
     _FTM2_CNT                                 30C1       2       2       0   .abs_section_30c1
     _FTM2_MOD                                 30C3       2       2       0   .abs_section_30c3
     _FTM2_C0V                                 30C6       2       2       0   .abs_section_30c6
     _FTM2_C1V                                 30C9       2       2       0   .abs_section_30c9
     _FTM2_C2V                                 30CC       2       2       0   .abs_section_30cc
     _FTM2_C3V                                 30CF       2       2       0   .abs_section_30cf
     _FTM2_C4V                                 30D2       2       2       0   .abs_section_30d2
     _FTM2_C5V                                 30D5       2       2       0   .abs_section_30d5
     _FTM2_CNTIN                               30D7       2       2       0   .abs_section_30d7
MODULE:                 -- LED0_c.obj --
- PROCEDURES:
     LED0_PutVal                               3CD8       D      13       1   .text       
     LED0_NegVal                               3CE5       7       7       1   .text       
- VARIABLES:
MODULE:                 -- LED1_c.obj --
- PROCEDURES:
     LED1_NegVal                               3CEC       7       7       1   .text       
- VARIABLES:
MODULE:                 -- PE_Timer_c.obj --
- PROCEDURES:
     PE_Timer_LngMul                           3CF3     14C     332       1   .text       
     PE_Timer_LngHi3                           3E3F      80     128       1   .text       
- VARIABLES:
MODULE:                 -- RTC_c.obj --
- PROCEDURES:
     LoadTicks                                 3EBF      2E      46       1   .text       
     HWEnDi                                    3EED      17      23       1   .text       
     RTC_GetTimeSec                            3F04      4C      76       2   .text       
     RTC_Init                                  3F50      18      24       1   .text       
     RTC_Interrupt                             3F68      1E      30       1   .text       
- VARIABLES:
     EnUser                                      7A       1       1       2   .bss        
     TTicks                                      7B       2       2       4   .bss        
     LTicks                                      7D       2       2       2   .bss        
     TOvf                                        7F       1       1       3   .bss        
     LOvf                                        80       1       1       2   .bss        
MODULE:                 -- TSS1_c.obj --
- PROCEDURES:
     TSS1_InitDevices                          3F86       1       1       1   .text       
     TSS1_Configure                            3F87      A3     163       1   .text       
- VARIABLES:
MODULE:                 -- Vectors_c.obj --
- PROCEDURES:
- VARIABLES:
     _vect                                     FFB0      50      80       0   .abs_section_ffb0
MODULE:                 -- rtshc08.o (ansiis.lib) --
- PROCEDURES:
     _PUSH_ARGS_L                              402A      20      32       2   .text       
     _ENTER_UNARY_L                            404A      29      41       2   .text       
     _ENTER_BINARY_L                           4073      16      22       3   .text       
     _ENTER_BINARY_L_RC                        4089      19      25       1   .text       
     _IDIVMOD                                  40A2      69     105       3   .text       
     _SPLITSIGN                                410B      1C      28       1   .text       
     _LADD_k_is_k_plus_j                       4127      1F      31       1   .text       
     _k_is_k_plus_j_l                          4146      1E      30       2   .text       
     _k_is_k_plus_j_i                          4164      12      18       3   .text       
     _LOR_k_is_k_or_j                          4176      1F      31       1   .text       
     _LMUL_k_is_k_mul_j                        4195      81     129       1   .text       
     _LCMP_k_rel_j                             4216      1F      31       1   .text       
     _BMULS                                    4235      17      23       2   .text       
     _IMUL_STAR08                              424C      27      39       8   .text       
     _IDIVS_STAR08                             4273      1B      27       7   .text       
     _IDIVU_STAR08                             428E       D      13       4   .text       
     _IMODU_STAR08                             429B      10      16       1   .text       
     _IMODU_8                                  42AB      12      18       1   .text       
     _ILSR                                     42BD       C      12       6   .text       
     _ILSL                                     42C9       C      12       5   .text       
     _ICMP                                     42D5      16      22      19   .text       
     _LADD                                     42EB       6       6       5   .text       
     _LOR                                      42F1       6       6       1   .text       
     _LMUL                                     42F7       6       6       4   .text       
     _LLSR                                     42FD      16      22       2   .text       
     _LLSL                                     4313      16      22       1   .text       
     _LCMP_RC                                  4329       6       6       2   .text       
     _COPY                                     432F      30      48       2   .text       
     _POP32                                    435F      1A      26       8   .text       
     _CALL_STAR08                              4379      20      32      23   .text       
     _Jump_Table_Offset                        4399      19      25       1   .text       
     _Jump_Table_Header_Addr                   43B2      2F      47       1   .text       
     _Jump_Table_Header_Offset                 43E1      24      36       5   .text       
     _PUSH_CC                                  4405       F      15       2   .text       
     _POP_CC                                   4414       F      15       2   .text       
- VARIABLES:
MODULE:                 -- TSS_Main_c.obj (TSS_S08.lib) --
- PROCEDURES:
     TSS_InitRegisterArrays                    4423      3D      61       1   .text       
     TSS_InitInternalArrays                    4460      32      50       1   .text       
     TSS_Init                                  4492      4D      77       2   .text       
     TSS_DataCorruptionCheck                   44DF      A5     165       2   .text       
     TSS_FaultEvaluation                       4584      62      98       2   .text       
     TSS_DecodersControl                       45E6      98     152       3   .text       
     TSS_TriggerControl                        467E      45      69       1   .text       
     TSS_Task                                  46C3      95     149       1   .text       
     TSS_SetControlElectrodesEnablers          4758      C2     194       1   .text       
     TSS_TriggerConfig                         481A      80     128       1   .text       
     TSS_SetSystemConfig                       489A     552    1362      66   .text       
     TSS_GetSystemConfig                       4DEC     311     785      49   .text       
     TSS_BrowseModules                         50FD      C4     196       3   .text       
- VARIABLES:
     u8TriggerCounter.1                          81       1       1       5   .bss        
     g_u8APIFunctionRunFlag                      82       1       1      17   .bss        
MODULE:                 -- TSS_KeyDetector_c.obj (TSS_S08.lib) --
- PROCEDURES:
     TSS_KeyDetectorResetElectrodeDebouncing       51C1       D      13       2   .text       
     TSS_KeyDetectorResetElectrode             51CE       D      13       4   .text       
     TSS_KeyDetectorRestartElectrode           51DB      2F      47       2   .text       
     TSS_KeyDetectorRecalibrateElectrode       520A      A0     160       2   .text       
     TSS_KeyDetectorRecalibrationRequest       52AA       E      14       1   .text       
     TSS_KeyDetectorRecalibrateModules         52B8       E      14       1   .text       
     TSS_KeyDetectorInit                       52C6      22      34       1   .text       
     TSS_KeyDetectorResetElectrodeMeasured       52E8      1A      26       2   .text       
     TSS_KeyDetectorMain                       5302     187     391       4   .text       
     TSS_KeyDetectorCalculateDelta             5489      17      23       2   .text       
     TSS_KeyDetectorFillDeltaLogBuffer         54A0       F      15       1   .text       
     TSS_KeyDetectorFillSignalLogBuffer        54AF      14      20       1   .text       
     TSS_KeyDetectorResetStuckKeyCounter       54C3       7       7       1   .text       
     TSS_KeyDetectorGetDCTrackerCounter        54CA       4       4       1   .text       
     TSS_KeyDetectorGetSlowDCTrackerCounter       54CE       4       4       1   .text       
     TSS_KeyDetectorDCTrackerEvalExecution       54D2      2F      47       1   .text       
     TSS_KeyDetectorCalibrate                  5501      35      53       2   .text       
     TSS_KeyDetectorReleaseElectrode           5536      29      41       2   .text       
     TSS_KeyDetectorElectrodeStatusUpdate       555F      43      67       1   .text       
     TSS_KeyDetectorGetElectrodeGroupStatus       55A2      5B      91       1   .text       
     TSS_KeyDetectorGetElectrodeEnablerStatus       55FD      59      89       4   .text       
     TSS_KeyDetectorGetShieldElectrodeReleaseStatus       5656      38      56       1   .text       
     TSS_KeyDetectorFaultDecoder               568E      37      55       2   .text       
- VARIABLES:
     g_u8ElectrodeCommand                        6A       1       1       4   .data       
     g_u8DCTrackCounter                          83       1       1       6   .bss        
     g_u8SlowDCTrackCounter                      84       1       1       5   .bss        
     g_u8KeyDetectorElecIndex                    85       1       1       1   .bss        
     tss_u16CapSample                           18E       2       2      19   .common     
MODULE:                 -- TSS_KeyDetectorNormal_c.obj (TSS_S08.lib) --
- PROCEDURES:
     TSS_KeyBasicStuckKeyControl               56C5      5C      92       1   .text       
     TSS_KeyBasicDetect                        5721     1A8     424       7   .text       
     TSS_KeyBasicNegativeBaselineDrop          58C9      B3     179       1   .text       
     TSS_KeyBasicElectrodeEval                 597C     2A3     675       5   .text       
     TSS_KeyBasicEvaluateNoiseData             5C1F      BD     189       2   .text       
     TSS_KeyBasicSensAutoCalibration           5CDC     397     919      24   .text       
     TSS_KeyBasicDeltaNoiseAnalysisIIRControl       6073     153     339       3   .text       
- VARIABLES:
MODULE:                 -- TSS_Filters_c.obj (TSS_S08.lib) --
- PROCEDURES:
     TSS_KeyDetectorInitPrevCapSample          61C6      14      20       1   .text       
     TSS_KeyDetectorCalculateIIRFilter         61DA      18      24       1   .text       
     TSS_SubUInt16WithUInt16ToSInt16           61F2      4F      79       1   .text       
     TSS_CutSInt16ToSInt8                      6241      1C      28      10   .text       
- VARIABLES:
MODULE:                 -- TSS_KeypadDecoder_c.obj (TSS_S08.lib) --
- PROCEDURES:
     TSS_KeypadDecoder                         625D     350     848      13   .text       
     TSS_SetKeypadConfig                       65AD     158     344      17   .text       
- VARIABLES:

*********************************************************************************************
MODULE STATISTIC
  Name                                      Data   Code  Const
---------------------------------------------------------------------------------------------
  Events_c.obj                                 1     46      0
  main_c.obj                                   2     91      0
  TSS_Sensor_c.obj                             1     29     32
  TSS_SensorTSIL_c.obj                        39   2187     46
  TSS_SystemSetupData_c.obj                  244     58     94
  start08_c.obj                                0    132      0
  Cpu_c.obj                                    2    219      1
  IO_Map_c.obj                               282      0      0
  LED0_c.obj                                   0     20      0
  LED1_c.obj                                   0      7      0
  PE_Timer_c.obj                               0    460      0
  RTC_c.obj                                    7    199      0
  TSS1_c.obj                                   0    164      0
  Vectors_c.obj                                0      0     80
  rtshc08.o (ansiis.lib)                       0   1017      0
  TSS_Main_c.obj (TSS_S08.lib)                 2   3486      0
  TSS_KeyDetector_c.obj (TSS_S08.lib)          6   1284      0
  TSS_KeyDetectorNormal_c.obj (TSS_S08.lib)     0   2817      0
  TSS_Filters_c.obj (TSS_S08.lib)              0    151      0
  TSS_KeypadDecoder_c.obj (TSS_S08.lib)        0   1192      0
  other                                      128     14     17

*********************************************************************************************
SECTION USE IN OBJECT-ALLOCATION SECTION
---------------------------------------------------------------------------------------------
SECTION: ".text"
  TSS1_fOnFault TSS1_fOnInit TSS1_fCallBack0 main TSS_SensorInitCallback 
  TSS_SensorInit TSIL_InitModule TSIL_SetNSamples TSIL_InitPEN TSIL_Recalibrate 
  TSIL_InitTrigger TSIL_MethodControl TSIL_ReadCounter TSIL_HandleMeasurement 
  TSIL_SampleElectrode TSS_TSIIsr TSS_IIRFilterEquation loadByte Init _Startup 
  LED0_PutVal LED0_NegVal LED1_NegVal PE_Timer_LngMul PE_Timer_LngHi3 LoadTicks 
  HWEnDi RTC_GetTimeSec RTC_Init RTC_Interrupt TSS1_InitDevices TSS1_Configure 
  _PUSH_ARGS_L _ENTER_UNARY_L _ENTER_BINARY_L _ENTER_BINARY_L_RC _IDIVMOD 
  _SPLITSIGN _LADD_k_is_k_plus_j _k_is_k_plus_j_l _k_is_k_plus_j_i 
  _LOR_k_is_k_or_j _LMUL_k_is_k_mul_j _LCMP_k_rel_j _BMULS _IMUL_STAR08 
  _IDIVS_STAR08 _IDIVU_STAR08 _IMODU_STAR08 _IMODU_8 _ILSR _ILSL _ICMP _LADD 
  _LOR _LMUL _LLSR _LLSL _LCMP_RC _COPY _POP32 _CALL_STAR08 _Jump_Table_Offset 
  _Jump_Table_Header_Addr _Jump_Table_Header_Offset _PUSH_CC _POP_CC 
  TSS_InitRegisterArrays TSS_InitInternalArrays TSS_Init 
  TSS_DataCorruptionCheck TSS_FaultEvaluation TSS_DecodersControl 
  TSS_TriggerControl TSS_Task TSS_SetControlElectrodesEnablers 
  TSS_TriggerConfig TSS_SetSystemConfig TSS_GetSystemConfig TSS_BrowseModules 
  TSS_KeyDetectorResetElectrodeDebouncing TSS_KeyDetectorResetElectrode 
  TSS_KeyDetectorRestartElectrode TSS_KeyDetectorRecalibrateElectrode 
  TSS_KeyDetectorRecalibrationRequest TSS_KeyDetectorRecalibrateModules 
  TSS_KeyDetectorInit TSS_KeyDetectorResetElectrodeMeasured TSS_KeyDetectorMain 
  TSS_KeyDetectorCalculateDelta TSS_KeyDetectorFillDeltaLogBuffer 
  TSS_KeyDetectorFillSignalLogBuffer TSS_KeyDetectorResetStuckKeyCounter 
  TSS_KeyDetectorGetDCTrackerCounter TSS_KeyDetectorGetSlowDCTrackerCounter 
  TSS_KeyDetectorDCTrackerEvalExecution TSS_KeyDetectorCalibrate 
  TSS_KeyDetectorReleaseElectrode TSS_KeyDetectorElectrodeStatusUpdate 
  TSS_KeyDetectorGetElectrodeGroupStatus 
  TSS_KeyDetectorGetElectrodeEnablerStatus 
  TSS_KeyDetectorGetShieldElectrodeReleaseStatus TSS_KeyDetectorFaultDecoder 
  TSS_KeyBasicStuckKeyControl TSS_KeyBasicDetect 
  TSS_KeyBasicNegativeBaselineDrop TSS_KeyBasicElectrodeEval 
  TSS_KeyBasicEvaluateNoiseData TSS_KeyBasicSensAutoCalibration 
  TSS_KeyBasicDeltaNoiseAnalysisIIRControl TSS_KeyDetectorInitPrevCapSample 
  TSS_KeyDetectorCalculateIIRFilter TSS_SubUInt16WithUInt16ToSInt16 
  TSS_CutSInt16ToSInt8 TSS_KeypadDecoder TSS_SetKeypadConfig 
SECTION: ".data"
  TSS1_cKey0 g_u8ElectrodeCommand 
SECTION: ".bss"
  ttyy TSS_TSIL_METHOD_RAMDATA_CONTEXT tsi_au16Resolution 
  TSS_C0_STRUCTURE_RAM_CONTEXT EnUser TTicks LTicks TOvf LOvf 
  u8TriggerCounter.1 g_u8APIFunctionRunFlag g_u8DCTrackCounter 
  g_u8SlowDCTrackCounter g_u8KeyDetectorElecIndex 
SECTION: ".init"
  Cpu_Interrupt _EntryPoint PE_low_level_init 
SECTION: ".rodata"
  tss_faSampleElectrode tss_acp8ElectrodeROMData 
  TSS_TSIL_METHOD_ROMDATA_CONTEXT TSS_E0_ROMDATA_CONTEXT TSS_E1_ROMDATA_CONTEXT 
  TSS_E2_ROMDATA_CONTEXT TSS_E3_ROMDATA_CONTEXT TSS_E4_ROMDATA_CONTEXT 
  TSS_E5_ROMDATA_CONTEXT TSS_E6_ROMDATA_CONTEXT TSS_E7_ROMDATA_CONTEXT 
  TSS_C0_INPUTS_GROUP TSS_C0_STRUCTURE_ROM_CONTEXT tss_faCallback 
  tss_acpsDecRAMContext tss_acpsDecROMContext tss_acpsCSStructs tss_faDecoders 
  tss_cau8ShieldPairs tss_fDecodersControl tss_cu8NumElecs tss_cu8NumCtrls 
  tss_cu8ElecBitFldLn tss_fCalculateIIRFilter tss_fCalculateShielding 
  tss_fInitPrevCapSample tss_fFillDeltaLogBuffer tss_fFillSignalLogBuffer 
  tss_fDataCorruptionCheck tss_fFmstrCall tss_fTriggerConfig 
  tss_fTriggerControl tss_fLowPowerConfig tss_fOnFault tss_fOnInit 
  tss_fOnProximity tss_fProximityConfig tss_fStuckKeyControl 
  tss_fResetStuckKeyCounter tss_fNegativeBaselineDrop 
  tss_fKeyDetectorRecalibrationRequest tss_fSignalDivider tss_fSignalMultiplier 
  tss_fAutoCalibration tss_fSensitivityLowLimitControl 
  tss_fDeltaNoiseAnalysisIIRControl tss_cu8BaselineInitLength 
  tss_cu8AutoCalibInitLength tss_ci8DeltaNoiseAnalysisIIRWeights 
  tss_csKeyBasicASCContext tss_fKeyDetectorElectrodeEval 
  tss_fKeyDetectorIntegrationResetEval tss_fKeyNoiseSchedulerInit 
  tss_fKeyNoiseSchedulerRun 
SECTION: ".common"
  Key123_flag_L tss_u8SampleIntFlag TSS_TSIL_CHANNEL_COUNTER_BUFFER 
  TSS_C0_KEYPAD_EVENTS_BUFFER tss_CSSys tss_au8Sensitivity 
  tss_au8ElectrodeEnablers tss_au8ElectrodeStatus tss_au16ElecBaseline 
  tss_au8ElectrodeMeasured tss_au8ElectrodeMarker 
  tss_au8ElectrodeLowThresholdEnablers tss_au8ElectrodeDCTrackerEnablers 
  tss_au8DebounceCount tss_au8TouchCount tss_au8ReleaseCount tss_au8ElecState 
  tss_au8ControlScheduleCount tss_au16PrevCapSample tss_ai8InstantDelta 
  tss_au16InstantSignal tss_u8ConfCheckSum tss_au8StuckCount 
  tss_ai8MaxDeltaAmplitude tss_ai8DeltaAmplitude tss_asAutoCalibrationData 
  tss_ai8NoiseAmplitude tss_ai8SensitivityLowLimit 
  tss_asDeltaNoiseAnalysisIIRData CCR_reg CCR_lock tss_u16CapSample 
SECTION: ".abs_section_ff7d"
  NV_EEPROT_INIT 
SECTION: ".abs_section_0"
  _PORT_PTAD 
SECTION: ".abs_section_1"
  _PORT_PTBD 
SECTION: ".abs_section_2"
  _PORT_PTCD 
SECTION: ".abs_section_3"
  _PORT_PTDD 
SECTION: ".abs_section_4"
  _PORT_PTED 
SECTION: ".abs_section_5"
  _PORT_PTFD 
SECTION: ".abs_section_6"
  _PORT_PTGD 
SECTION: ".abs_section_7"
  _PORT_PTHD 
SECTION: ".abs_section_8"
  _TSI_CS0 
SECTION: ".abs_section_9"
  _TSI_CS1 
SECTION: ".abs_section_a"
  _TSI_CS2 
SECTION: ".abs_section_b"
  _TSI_CS3 
SECTION: ".abs_section_c"
  _TSI_PEN0 
SECTION: ".abs_section_d"
  _TSI_PEN1 
SECTION: ".abs_section_10"
  _ADC_SC1 
SECTION: ".abs_section_11"
  _ADC_SC2 
SECTION: ".abs_section_12"
  _ADC_SC3 
SECTION: ".abs_section_13"
  _ADC_SC4 
SECTION: ".abs_section_18"
  _MTIM0_SC 
SECTION: ".abs_section_19"
  _MTIM0_CLK 
SECTION: ".abs_section_1a"
  _MTIM0_CNT 
SECTION: ".abs_section_1b"
  _MTIM0_MOD 
SECTION: ".abs_section_1c"
  _MTIM1_SC 
SECTION: ".abs_section_1d"
  _MTIM1_CLK 
SECTION: ".abs_section_1e"
  _MTIM1_CNT 
SECTION: ".abs_section_1f"
  _MTIM1_MOD 
SECTION: ".abs_section_20"
  _FTM0_SC 
SECTION: ".abs_section_25"
  _FTM0_C0SC 
SECTION: ".abs_section_28"
  _FTM0_C1SC 
SECTION: ".abs_section_2c"
  _ACMP_CS 
SECTION: ".abs_section_2d"
  _ACMP_C0 
SECTION: ".abs_section_2e"
  _ACMP_C1 
SECTION: ".abs_section_2f"
  _ACMP_C2 
SECTION: ".abs_section_30"
  _FTM1_SC 
SECTION: ".abs_section_35"
  _FTM1_C0SC 
SECTION: ".abs_section_38"
  _FTM1_C1SC 
SECTION: ".abs_section_3b"
  _IRQ_SC 
SECTION: ".abs_section_3c"
  _KBI0_SC 
SECTION: ".abs_section_3d"
  _KBI1_SC 
SECTION: ".abs_section_3e"
  _IPC_SC 
SECTION: ".abs_section_3f"
  _IPC_IPMPS 
SECTION: ".abs_section_3000"
  _SYS_SRS 
SECTION: ".abs_section_3001"
  _SYS_SBDFR 
SECTION: ".abs_section_3004"
  _SYS_SOPT1 
SECTION: ".abs_section_3005"
  _SYS_SOPT2 
SECTION: ".abs_section_3006"
  _SYS_SOPT3 
SECTION: ".abs_section_3007"
  _SYS_SOPT4 
SECTION: ".abs_section_300c"
  _SCG_C1 
SECTION: ".abs_section_300d"
  _SCG_C2 
SECTION: ".abs_section_300e"
  _SCG_C3 
SECTION: ".abs_section_300f"
  _SCG_C4 
SECTION: ".abs_section_3010"
  _DBG_CAH 
SECTION: ".abs_section_3011"
  _DBG_CAL 
SECTION: ".abs_section_3012"
  _DBG_CBH 
SECTION: ".abs_section_3013"
  _DBG_CBL 
SECTION: ".abs_section_3014"
  _DBG_CCH 
SECTION: ".abs_section_3015"
  _DBG_CCL 
SECTION: ".abs_section_3016"
  _DBG_FH 
SECTION: ".abs_section_3017"
  _DBG_FL 
SECTION: ".abs_section_3018"
  _DBG_CAX 
SECTION: ".abs_section_3019"
  _DBG_CBX 
SECTION: ".abs_section_301a"
  _DBG_CCX 
SECTION: ".abs_section_301b"
  _DBG_FX 
SECTION: ".abs_section_301c"
  _DBG_C 
SECTION: ".abs_section_301d"
  _DBG_T 
SECTION: ".abs_section_301e"
  _DBG_S 
SECTION: ".abs_section_301f"
  _DBG_CNT 
SECTION: ".abs_section_3020"
  _NVM_FCLKDIV 
SECTION: ".abs_section_3021"
  _NVM_FSEC 
SECTION: ".abs_section_3022"
  _NVM_FCCOBIX 
SECTION: ".abs_section_3024"
  _NVM_FCNFG 
SECTION: ".abs_section_3025"
  _NVM_FERCNFG 
SECTION: ".abs_section_3026"
  _NVM_FSTAT 
SECTION: ".abs_section_3027"
  _NVM_FERSTAT 
SECTION: ".abs_section_3028"
  _NVM_FPROT 
SECTION: ".abs_section_3029"
  _NVM_EEPROT 
SECTION: ".abs_section_302c"
  _NVM_FOPT 
SECTION: ".abs_section_3030"
  _WDOG_CS1 
SECTION: ".abs_section_3031"
  _WDOG_CS2 
SECTION: ".abs_section_3038"
  _ICS_C1 
SECTION: ".abs_section_3039"
  _ICS_C2 
SECTION: ".abs_section_303a"
  _ICS_C3 
SECTION: ".abs_section_303b"
  _ICS_C4 
SECTION: ".abs_section_303c"
  _ICS_S 
SECTION: ".abs_section_303e"
  _ICS_OSCSC 
SECTION: ".abs_section_3040"
  _PMC_SPMSC1 
SECTION: ".abs_section_3041"
  _PMC_SPMSC2 
SECTION: ".abs_section_304a"
  _SYS_ILLAH 
SECTION: ".abs_section_304b"
  _SYS_ILLAL 
SECTION: ".abs_section_3050"
  _IPC_ILRS0 
SECTION: ".abs_section_3051"
  _IPC_ILRS1 
SECTION: ".abs_section_3052"
  _IPC_ILRS2 
SECTION: ".abs_section_3053"
  _IPC_ILRS3 
SECTION: ".abs_section_3054"
  _IPC_ILRS4 
SECTION: ".abs_section_3055"
  _IPC_ILRS5 
SECTION: ".abs_section_3056"
  _IPC_ILRS6 
SECTION: ".abs_section_3057"
  _IPC_ILRS7 
SECTION: ".abs_section_3058"
  _IPC_ILRS8 
SECTION: ".abs_section_3059"
  _IPC_ILRS9 
SECTION: ".abs_section_3068"
  _CRC_CTRL 
SECTION: ".abs_section_306a"
  _RTC_SC1 
SECTION: ".abs_section_306b"
  _RTC_SC2 
SECTION: ".abs_section_3070"
  _I2C_A1 
SECTION: ".abs_section_3071"
  _I2C_F 
SECTION: ".abs_section_3072"
  _I2C_C1 
SECTION: ".abs_section_3073"
  _I2C_S 
SECTION: ".abs_section_3074"
  _I2C_D 
SECTION: ".abs_section_3075"
  _I2C_C2 
SECTION: ".abs_section_3076"
  _I2C_FLT 
[...]
tss_fOnFault              USES TSS1_fOnFault 
tss_fOnInit               USES TSS1_fOnInit 
tss_fStuckKeyControl      USES TSS_KeyBasicStuckKeyControl 
tss_fResetStuckKeyCounter USES TSS_KeyDetectorResetStuckKeyCounter 
tss_fNegativeBaselineDrop USES TSS_KeyBasicNegativeBaselineDrop 
tss_fKeyDetectorRecalibrationRequest USES TSS_KeyDetectorRecalibrationRequest 
tss_fAutoCalibration      USES TSS_KeyBasicSensAutoCalibration 
tss_fDeltaNoiseAnalysisIIRControl USES 
                                TSS_KeyBasicDeltaNoiseAnalysisIIRControl 
tss_fKeyDetectorElectrodeEval USES TSS_KeyBasicElectrodeEval 
_vect                     USES Cpu_Interrupt TSS_TSIIsr RTC_Interrupt 
                                _EntryPoint 

*********************************************************************************************
DEPENDENCY TREE
*********************************************************************************************
 main and _Startup Group
 | 
 +- main                
 |  | 
 |  +- PE_low_level_init   
 |  |  | 
 |  |  +- TSS1_Configure      
 |  |  |  | 
 |  |  |  +- TSS_Init             (recursive dependency)
 |  |  |  |  | 
 |  |  |  |  +- TSS_InitInternalArrays
 |  |  |  |  |  | 
 |  |  |  |  |  +- TSS_KeyDetectorResetElectrode
 |  |  |  |  |  |  | 
 |  |  |  |  |  |  +- TSS_KeyDetectorResetElectrodeDebouncing
 |  |  |  |  |  |       
 |  |  |  |  |  +- tss_fResetStuckKeyCounter
 |  |  |  |  |  |  | 
 |  |  |  |  |  |  +- TSS_KeyDetectorResetStuckKeyCounter
 |  |  |  |  |  |       
 |  |  |  |  |  +- TSS_KeyDetectorRestartElectrode
 |  |  |  |  |  |    
 |  |  |  |  |  +- TSS_KeyDetectorResetElectrodeMeasured
 |  |  |  |  |       
 |  |  |  |  +- TSS_InitRegisterArrays (recursive dependency)
 |  |  |  |  |  | 
 |  |  |  |  |  +- tss_fAutoCalibration
 |  |  |  |  |     | 
 |  |  |  |  |     +- TSS_KeyBasicSensAutoCalibration (recursive dependency)
 |  |  |  |  |        | 
 |  |  |  |  |        +- TSS_KeyDetectorCalculateDelta
 |  |  |  |  |        |  | 
 |  |  |  |  |        |  +- TSS_SubUInt16WithUInt16ToSInt16
 |  |  |  |  |        |  |  | 
 |  |  |  |  |        |  |  +- _IMUL_STAR08        
 |  |  |  |  |        |  |       
 |  |  |  |  |        |  +- TSS_CutSInt16ToSInt8
 |  |  |  |  |        |       
 |  |  |  |  |        +- TSS_KeyBasicEvaluateNoiseData
 |  |  |  |  |        |  | 
 |  |  |  |  |        |  +- tss_fDeltaNoiseAnalysisIIRControl
 |  |  |  |  |        |  |  | 
 |  |  |  |  |        |  |  +- TSS_KeyBasicDeltaNoiseAnalysisIIRControl
 |  |  |  |  |        |  |     | 
 |  |  |  |  |        |  |     +- _IMUL_STAR08         (see above)
 |  |  |  |  |        |  |     |  
 |  |  |  |  |        |  |     +- _IDIVS_STAR08       
 |  |  |  |  |        |  |     |  | 
 |  |  |  |  |        |  |     |  +- _SPLITSIGN          
 |  |  |  |  |        |  |     |     | 
 |  |  |  |  |        |  |     |     +- _IDIVMOD            
 |  |  |  |  |        |  |     |          
 |  |  |  |  |        |  |     +- _ICMP               
 |  |  |  |  |        |  |     |    
 |  |  |  |  |        |  |     +- TSS_CutSInt16ToSInt8 (see above)
 |  |  |  |  |        |  |        
 |  |  |  |  |        |  +- _BMULS              
 |  |  |  |  |        |  |    
 |  |  |  |  |        |  +- _IDIVS_STAR08        (see above)
 |  |  |  |  |        |  |  
 |  |  |  |  |        |  +- TSS_CutSInt16ToSInt8 (see above)
 |  |  |  |  |        |     
 |  |  |  |  |        +- _IDIVS_STAR08        (see above)
 |  |  |  |  |        |  
 |  |  |  |  |        +- TSS_CutSInt16ToSInt8 (see above)
 |  |  |  |  |        |  
 |  |  |  |  |        +- _IMUL_STAR08         (see above)
 |  |  |  |  |        |  
 |  |  |  |  |        +- _ICMP                (see above)
 |  |  |  |  |        |  
 |  |  |  |  |        +- TSS_KeyDetectorGetElectrodeEnablerStatus
 |  |  |  |  |        |  | 
 |  |  |  |  |        |  +- _Jump_Table_Header_Offset
 |  |  |  |  |        |       
 |  |  |  |  |        +- _CALL_STAR08        
 |  |  |  |  |        |    
 |  |  |  |  |        +- tss_fDataCorruptionCheck
 |  |  |  |  |        |  | 
 |  |  |  |  |        |  +- TSS_DataCorruptionCheck (recursive dependency)
 |  |  |  |  |        |     | 
 |  |  |  |  |        |     +- tss_fOnFault        
 |  |  |  |  |        |        | 
 |  |  |  |  |        |        +- TSS1_fOnFault        (recursive dependency)
 |  |  |  |  |        |           | 
 |  |  |  |  |        |           +- TSS_SetSystemConfig  (recursive dependency)
 |  |  |  |  |        |              | 
 |  |  |  |  |        |              +- _CALL_STAR08         (see above)
 |  |  |  |  |        |              |  
 |  |  |  |  |        |              +- _ILSR               
 |  |  |  |  |        |              |    
 |  |  |  |  |        |              +- TSS_SensorInit      
 |  |  |  |  |        |              |  | 
 |  |  |  |  |        |              |  +- TSS_SensorInitCallback
 |  |  |  |  |        |              |  |  | 
 |  |  |  |  |        |              |  |  +- tss_acp8ElectrodeROMData
 |  |  |  |  |        |              |  |  |  | 
 |  |  |  |  |        |              |  |  |  +- TSS_E0_ROMDATA_CONTEXT
 |  |  |  |  |        |              |  |  |     | 
 |  |  |  |  |        |              |  |  |     +- TSS_TSIL_METHOD_ROMDATA_CONTEXT
 |  |  |  |  |        |              |  |  |        | 
 |  |  |  |  |        |              |  |  |        +- TSIL_MethodControl   (recursive dependency)
 |  |  |  |  |        |              |  |  |           | 
 |  |  |  |  |        |              |  |  |           +- tss_acp8ElectrodeROMData (see above)
 |  |  |  |  |        |              |  |  |           |  
 |  |  |  |  |        |              |  |  |           +- _Jump_Table_Header_Offset (see above)
 |  |  |  |  |        |              |  |  |           |  
 |  |  |  |  |        |              |  |  |           +- TSIL_InitModule     
 |  |  |  |  |        |              |  |  |           |    
 |  |  |  |  |        |              |  |  |           +- TSIL_SetNSamples    
 |  |  |  |  |        |              |  |  |           |    
 |  |  |  |  |        |              |  |  |           +- TSIL_Recalibrate    
 |  |  |  |  |        |              |  |  |           |  | 
 |  |  |  |  |        |              |  |  |           |  +- _ILSL               
 |  |  |  |  |        |              |  |  |           |  |    
 |  |  |  |  |        |              |  |  |           |  +- _ILSR                (see above)
 |  |  |  |  |        |              |  |  |           |     
 |  |  |  |  |        |              |  |  |           +- TSIL_InitTrigger    
 |  |  |  |  |        |              |  |  |           |    
 |  |  |  |  |        |              |  |  |           +- TSIL_InitPEN         (recursive dependency)
 |  |  |  |  |        |              |  |  |              | 
 |  |  |  |  |        |              |  |  |              +- tss_acp8ElectrodeROMData (see above)
 |  |  |  |  |        |              |  |  |                 
 |  |  |  |  |        |              |  |  +- _CALL_STAR08         (see above)
 |  |  |  |  |        |              |  |     
 |  |  |  |  |        |              |  +- TSS_BrowseModules   
 |  |  |  |  |        |              |     | 
 |  |  |  |  |        |              |     +- _ICMP                (see above)
 |  |  |  |  |        |              |     |  
 |  |  |  |  |        |              |     +- TSS_KeyDetectorGetElectrodeEnablerStatus (see above)
 |  |  |  |  |        |              |     |  
 |  |  |  |  |        |              |     +- _CALL_STAR08         (see above)
 |  |  |  |  |        |              |     |  
 |  |  |  |  |        |              |     +- tss_faSampleElectrode
 |  |  |  |  |        |              |        | 
 |  |  |  |  |        |              |        +- TSIL_SampleElectrode
 |  |  |  |  |        |              |           | 
 |  |  |  |  |        |              |           +- tss_acp8ElectrodeROMData (see above)
 |  |  |  |  |        |              |           |  
 |  |  |  |  |        |              |           +- _Jump_Table_Header_Offset (see above)
 |  |  |  |  |        |              |           |  
 |  |  |  |  |        |              |           +- TSIL_ReadCounter    
 |  |  |  |  |        |              |           |  | 
 |  |  |  |  |        |              |           |  +- _IDIVU_STAR08       
 |  |  |  |  |        |              |           |  |  | 
 |  |  |  |  |        |              |           |  |  +- _IDIVMOD             (see above)
 |  |  |  |  |        |              |           |  |     
 |  |  |  |  |        |              |           |  +- _ICMP                (see above)
 |  |  |  |  |        |              |           |     
 |  |  |  |  |        |              |           +- TSIL_MethodControl   (see above) (recursive dependency)
 |  |  |  |  |        |              |           |  
 |  |  |  |  |        |              |           +- TSIL_HandleMeasurement
 |  |  |  |  |        |              |                
 |  |  |  |  |        |              +- tss_fTriggerConfig  
 |  |  |  |  |        |              |  | 
 |  |  |  |  |        |              |  +- TSS_TriggerConfig   
 |  |  |  |  |        |              |     | 
 |  |  |  |  |        |              |     +- TSS_SensorInit       (see above)
 |  |  |  |  |        |              |     |  
 |  |  |  |  |        |              |     +- tss_fTriggerControl 
 |  |  |  |  |        |              |        | 
 |  |  |  |  |        |              |        +- TSS_TriggerControl  
 |  |  |  |  |        |              |             
 |  |  |  |  |        |              +- tss_fKeyDetectorRecalibrationRequest
 |  |  |  |  |        |              |  | 
 |  |  |  |  |        |              |  +- TSS_KeyDetectorRecalibrationRequest
 |  |  |  |  |        |              |     | 
 |  |  |  |  |        |              |     +- TSS_KeyDetectorRecalibrateElectrode
 |  |  |  |  |        |              |        | 
 |  |  |  |  |        |              |        +- TSS_KeyDetectorGetElectrodeEnablerStatus (see above)
 |  |  |  |  |        |              |        |  
 |  |  |  |  |        |              |        +- tss_faSampleElectrode (see above)
 |  |  |  |  |        |              |        |  
 |  |  |  |  |        |              |        +- _CALL_STAR08         (see above)
 |  |  |  |  |        |              |        |  
 |  |  |  |  |        |              |        +- TSS_KeyDetectorRestartElectrode (see above)
 |  |  |  |  |        |              |        |  
 |  |  |  |  |        |              |        +- tss_fTriggerControl  (see above)
 |  |  |  |  |        |              |           
 |  |  |  |  |        |              +- TSS_Init             (see above) (recursive dependency)
 |  |  |  |  |        |              |  
 |  |  |  |  |        |              +- tss_fDataCorruptionCheck (see above)
 |  |  |  |  |        |              |  
 |  |  |  |  |        |              +- _ICMP                (see above)
 |  |  |  |  |        |                 
 |  |  |  |  |        +- _BMULS               (see above)
 |  |  |  |  |           
 |  |  |  |  +- tss_fDecodersControl
 |  |  |  |  |  | 
 |  |  |  |  |  +- TSS_DecodersControl 
 |  |  |  |  |     | 
 |  |  |  |  |     +- tss_faDecoders      
 |  |  |  |  |     |  | 
 |  |  |  |  |     |  +- TSS_KeypadDecoder   
 |  |  |  |  |     |     | 
 |  |  |  |  |     |     +- _ILSL                (see above)
 |  |  |  |  |     |     |  
 |  |  |  |  |     |     +- tss_faCallback      
 |  |  |  |  |     |        | 
 |  |  |  |  |     |        +- TSS1_fCallBack0     
 |  |  |  |  |     |           | 
 |  |  |  |  |     |           +- LED0_NegVal         
 |  |  |  |  |     |                
 |  |  |  |  |     +- TSS_KeyDetectorGetElectrodeGroupStatus
 |  |  |  |  |     |  | 
 |  |  |  |  |     |  +- _ILSL                (see above)
 |  |  |  |  |     |     
 |  |  |  |  |     +- _CALL_STAR08         (see above)
 |  |  |  |  |        
 |  |  |  |  +- tss_fDataCorruptionCheck (see above)
 |  |  |  |  |  
 |  |  |  |  +- TSS_KeyDetectorInit 
 |  |  |  |     | 
 |  |  |  |     +- tss_fOnInit         
 |  |  |  |     |  | 
 |  |  |  |     |  +- TSS1_fOnInit        
 |  |  |  |     |     | 
 |  |  |  |     |     +- TSS1_InitDevices    
 |  |  |  |     |          
 |  |  |  |     +- TSS_SensorInit       (see above)
 |  |  |  |        
 |  |  |  +- TSS_SetKeypadConfig 
 |  |  |  |  | 
 |  |  |  |  +- _Jump_Table_Header_Addr
 |  |  |  |  |    
 |  |  |  |  +- tss_faCallback       (see above)
 |  |  |  |  |  
 |  |  |  |  +- TSS_SetControlElectrodesEnablers
 |  |  |  |     | 
 |  |  |  |     +- _Jump_Table_Header_Offset (see above)
 |  |  |  |     |  
 |  |  |  |     +- TSS_SensorInit       (see above)
 |  |  |  |     |  
 |  |  |  |     +- tss_fKeyDetectorRecalibrationRequest (see above)
 |  |  |  |     |  
 |  |  |  |     +- tss_fDataCorruptionCheck (see above)
 |  |  |  |        
 |  |  |  +- TSS_GetSystemConfig 
 |  |  |  |  | 
 |  |  |  |  +- _PUSH_CC            
 |  |  |  |  |    
 |  |  |  |  +- _POP_CC             
 |  |  |  |  |    
 |  |  |  |  +- _ICMP                (see above)
 |  |  |  |  |  
 |  |  |  |  +- tss_fDataCorruptionCheck (see above)
 |  |  |  |     
 |  |  |  +- TSS_SetSystemConfig  (see above) (recursive dependency)
 |  |  |     
 |  |  +- RTC_Init            
 |  |     | 
 |  |     +- HWEnDi              
 |  |          
 |  +- TSS_Task            
 |  |  | 
 |  |  +- tss_fDataCorruptionCheck (see above)
 |  |  |  
 |  |  +- TSS_KeyDetectorMain 
 |  |  |  | 
 |  |  |  +- TSS_KeyDetectorDCTrackerEvalExecution
 |  |  |  |    
 |  |  |  +- tss_fTriggerControl  (see above)
 |  |  |  |  
 |  |  |  +- TSS_SensorInit       (see above)
 |  |  |  |  
 |  |  |  +- tss_faSampleElectrode (see above)
 |  |  |  |  
 |  |  |  +- _CALL_STAR08         (see above)
 |  |  |  |  
 |  |  |  +- tss_fKeyDetectorRecalibrationRequest (see above)
 |  |  |  |  
 |  |  |  +- tss_fKeyDetectorElectrodeEval
 |  |  |  |  | 
 |  |  |  |  +- TSS_KeyBasicElectrodeEval
 |  |  |  |     | 
 |  |  |  |     +- _ICMP                (see above)
 |  |  |  |     |  
 |  |  |  |     +- tss_fAutoCalibration (see above)
 |  |  |  |     |  
 |  |  |  |     +- _CALL_STAR08         (see above)
 |  |  |  |     |  
 |  |  |  |     +- _IMUL_STAR08         (see above)
 |  |  |  |     |  
 |  |  |  |     +- tss_fInitPrevCapSample
 |  |  |  |     |  | 
 |  |  |  |     |  +- TSS_KeyDetectorInitPrevCapSample
 |  |  |  |     |       
 |  |  |  |     +- TSS_KeyDetectorResetElectrode (see above)
 |  |  |  |     |  
 |  |  |  |     +- TSS_KeyDetectorReleaseElectrode
 |  |  |  |     |    
 |  |  |  |     +- tss_fDeltaNoiseAnalysisIIRControl (see above)
 |  |  |  |     |  
 |  |  |  |     +- tss_fCalculateIIRFilter
 |  |  |  |     |  | 
 |  |  |  |     |  +- TSS_KeyDetectorCalculateIIRFilter
 |  |  |  |     |     | 
 |  |  |  |     |     +- TSS_IIRFilterEquation
 |  |  |  |     |        | 
 |  |  |  |     |        +- _IMUL_STAR08         (see above)
 |  |  |  |     |           
 |  |  |  |     +- TSS_KeyDetectorCalculateDelta (see above)
 |  |  |  |     |  
 |  |  |  |     +- tss_fFillDeltaLogBuffer
 |  |  |  |     |  | 
 |  |  |  |     |  +- TSS_KeyDetectorFillDeltaLogBuffer
 |  |  |  |     |       
 |  |  |  |     +- tss_fFillSignalLogBuffer
 |  |  |  |     |  | 
 |  |  |  |     |  +- TSS_KeyDetectorFillSignalLogBuffer
 |  |  |  |     |       
 |  |  |  |     +- TSS_KeyBasicDetect  
 |  |  |  |     |  | 
 |  |  |  |     |  +- _Jump_Table_Header_Offset (see above)
 |  |  |  |     |  |  
 |  |  |  |     |  +- tss_fStuckKeyControl
 |  |  |  |     |  |  | 
 |  |  |  |     |  |  +- TSS_KeyBasicStuckKeyControl
 |  |  |  |     |  |       
 |  |  |  |     |  +- _CALL_STAR08         (see above)
 |  |  |  |     |  |  
 |  |  |  |     |  +- tss_fResetStuckKeyCounter (see above)
 |  |  |  |     |  |  
 |  |  |  |     |  +- TSS_KeyDetectorElectrodeStatusUpdate
 |  |  |  |     |  |    
 |  |  |  |     |  +- _ICMP                (see above)
 |  |  |  |     |  |  
 |  |  |  |     |  +- TSS_KeyDetectorResetElectrodeDebouncing (see above)
 |  |  |  |     |     
 |  |  |  |     +- TSS_KeyDetectorGetElectrodeEnablerStatus (see above)
 |  |  |  |     |  
 |  |  |  |     +- TSS_KeyDetectorGetShieldElectrodeReleaseStatus
 |  |  |  |     |    
 |  |  |  |     +- TSS_KeyDetectorGetDCTrackerCounter
 |  |  |  |     |    
 |  |  |  |     +- TSS_KeyDetectorGetSlowDCTrackerCounter
 |  |  |  |     |    
 |  |  |  |     +- TSS_KeyDetectorCalibrate
 |  |  |  |     |    
 |  |  |  |     +- tss_fNegativeBaselineDrop
 |  |  |  |        | 
 |  |  |  |        +- TSS_KeyBasicNegativeBaselineDrop
 |  |  |  |           | 
 |  |  |  |           +- TSS_KeyDetectorResetElectrode (see above)
 |  |  |  |           |  
 |  |  |  |           +- _ICMP                (see above)
 |  |  |  |              
 |  |  |  +- TSS_KeyDetectorReleaseElectrode (see above)
 |  |  |  |  
 |  |  |  +- TSS_KeyDetectorFaultDecoder
 |  |  |  |  | 
 |  |  |  |  +- _Jump_Table_Offset  
 |  |  |  |       
 |  |  |  +- TSS_FaultEvaluation 
 |  |  |  |  | 
 |  |  |  |  +- tss_fOnFault         (see above)
 |  |  |  |  |  
 |  |  |  |  +- tss_fDataCorruptionCheck (see above)
 |  |  |  |     
 |  |  |  +- TSS_KeyDetectorResetElectrodeMeasured (see above)
 |  |  |     
 |  |  +- TSS_FaultEvaluation  (see above)
 |  |  |  
 |  |  +- TSS_KeyDetectorRecalibrateModules
 |  |  |  | 
 |  |  |  +- TSS_KeyDetectorRecalibrateElectrode (see above)
 |  |  |  |  
 |  |  |  +- TSS_BrowseModules    (see above)
 |  |  |     
 |  |  +- tss_fDecodersControl (see above)
 |  |     
 |  +- RTC_GetTimeSec      
 |  |  | 
 |  |  +- LoadTicks           
 |  |  |    
 |  |  +- PE_Timer_LngMul     
 |  |  |  | 
 |  |  |  +- _LMUL               
 |  |  |  |  | 
 |  |  |  |  +- _ENTER_BINARY_L     
 |  |  |  |  |  | 
 |  |  |  |  |  +- _PUSH_ARGS_L        
 |  |  |  |  |       
 |  |  |  |  +- _LMUL_k_is_k_mul_j  
 |  |  |  |     | 
 |  |  |  |     +- _k_is_k_plus_j_l    
 |  |  |  |     |    
 |  |  |  |     +- _k_is_k_plus_j_i    
 |  |  |  |          
 |  |  |  +- _POP32              
 |  |  |  |    
 |  |  |  +- _LADD               
 |  |  |  |  | 
 |  |  |  |  +- _ENTER_BINARY_L      (see above)
 |  |  |  |  |  
 |  |  |  |  +- _LADD_k_is_k_plus_j 
 |  |  |  |       
 |  |  |  +- _COPY               
 |  |  |       
 |  |  +- PE_Timer_LngHi3     
 |  |     | 
 |  |     +- _LLSR               
 |  |     |  | 
 |  |     |  +- _ENTER_UNARY_L      
 |  |     |       
 |  |     +- _LCMP_RC            
 |  |     |  | 
 |  |     |  +- _ENTER_BINARY_L_RC  
 |  |     |  |  | 
 |  |     |  |  +- _PUSH_ARGS_L         (see above)
 |  |     |  |     
 |  |     |  +- _LCMP_k_rel_j       
 |  |     |       
 |  |     +- _LLSL               
 |  |     |  | 
 |  |     |  +- _ENTER_UNARY_L       (see above)
 |  |     |     
 |  |     +- _LOR                
 |  |        | 
 |  |        +- _ENTER_BINARY_L      (see above)
 |  |        |  
 |  |        +- _LOR_k_is_k_or_j    
 |  |             
 |  +- LED1_NegVal         
 |  |    
 |  +- _IMODU_8            
 |  |  | 
 |  |  +- _IMODU_STAR08       
 |  |     | 
 |  |     +- _IDIVMOD             (see above)
 |  |        
 |  +- LED0_PutVal         
 |       
 +- _EntryPoint         
    | 
    +- _Startup            
       | 
       +- Init                
       |  | 
       |  +- loadByte            
       |       
       +- main                 (see above)
          
 _vect               
 | 
 +- Cpu_Interrupt       
 |    
 +- TSS_TSIIsr          
 |  | 
 |  +- TSS_TSIL_METHOD_ROMDATA_CONTEXT (see above)
 |  |  
 |  +- _ILSL                (see above)
 |     
 +- RTC_Interrupt       
 |    
 +- _EntryPoint          (see above)
    
*********************************************************************************************
STATISTIC SECTION
---------------------------------------------------------------------------------------------

ExeFile:
--------
Number of blocks to be downloaded: 5
Total size of all blocks to be downloaded: 13843

